# How to crete a Virtual Environment.

1. Open Terminal of your Raspberry pi and install Virtual environment using PIP.

IMP: When terminal opens up it is in /home/Pi.

$ mkdir Project
$ cd Project
$ pip3 install virtualenv


2. Making the environment:

cd into the required directory.

'''
$ cd Project
$ python3 venv my_venv
'''

here my_venv is the environment name.


3. Activating the Virtual Environment:

$ source /home/Pi/Project/my_venv/bin/activate

This will activate your Virtual environment.

To verify:
'''
(my_venv)pi@raspberrypi:~/Project $

'''

This should be shown in the terminal.
That means from now every thing will be inside the environment.


4. Install all the dependencies in your environment required for the project.

Link:https://www.pyimagesearch.com/2016/05/02/accessing-rpi-gpio-and-gpio-zero-with-opencv-python/
Scroll down to know more about virtual environment.

This is a tough task sometimes...

Refer this:

LINK: https://pysource.com/2018/10/31/raspberry-pi-3-and-opencv-3-installation-tutorial/
 
1) Update os system:

sudo apt-get update

sudo apt-get upgrade

2) Install dependencies:

sudo apt-get install build-essential cmake pkg-config
sudo apt-get install libjpeg-dev libtiff5-dev libjasper-dev libpng12-dev
sudo apt-get install libavcodec-dev libavformat-dev libswscale-dev libv4l-dev
sudo apt-get install libxvidcore-dev libx264-dev
sudo apt-get install libgtk2.0-dev libgtk-3-dev
sudo apt-get install libatlas-base-dev gfortran

sudo apt-get install libhdf5-dev
sudo apt-get install libhdf5-serial-dev

3) Install Python 3 and Pip3:

sudo apt-get install python3-dev
sudo apt-get install python3-pip

4) Install Opencv:

pip3 install opencv-python

5) Extra depencies for Opencv and the Camera:

sudo apt-get install libqtgui4

sudo modprobe bcm2835-v4l2

sudo apt-get install libqt4-test


# Hopefully this will resort all the errors.

LINK: https://stackoverflow.com/questions/48965309/h5py-import-error-on-libhdf5-serial-so-100
 
#########################################

5. Accesing your Virtual environment:

- Now use pip,python instead of pip3,python

use:

$ python
>>> 
try importing the libraries:
>>> import cv2
>>> cv2.__version__
3.4.3



""" If you are still getting the error of no module found.

1. Make sure you are in the virtual environment.
2. Follow the process
3. Look again.
"""





